15:37:28 **** Incremental Build of configuration Debug for project sha256 ****
make all 
make --no-print-directory pre-build
a9-linaro-pre-build-step
' '
make --no-print-directory main-build
'Building file: ../src/main.c'
'Invoking: ARM v7 gcc compiler'
arm-none-eabi-gcc -Wall -O0 -g3 -c -fmessage-length=0 -MT"src/main.o" -mcpu=cortex-a9 -mfpu=vfpv3 -mfloat-abi=hard -ID:/Clouds/Dropbox/Vivado_Project/Final/Zedboard/Vitis_Baremetal/sha256_top/export/sha256_top/sw/sha256_top/standalone_ps7_cortexa9_0/bspinclude/include -MMD -MP -MF"src/main.d" -MT"src/main.o" -o "src/main.o" "../src/main.c"
'Finished building: ../src/main.c'
' '
'Building target: sha256.elf'
'Invoking: ARM v7 gcc linker'
arm-none-eabi-gcc -mcpu=cortex-a9 -mfpu=vfpv3 -mfloat-abi=hard -Wl,-build-id=none -specs=Xilinx.spec -Wl,-T -Wl,../src/lscript.ld -LD:/Clouds/Dropbox/Vivado_Project/Final/Zedboard/Vitis_Baremetal/sha256_top/export/sha256_top/sw/sha256_top/standalone_ps7_cortexa9_0/bsplib/lib -o "sha256.elf"  ./src/main.o ./src/sha256.o ./src/sha256_top.o   -Wl,--start-group,-lxil,-lgcc,-lc,--end-group
'Finished building target: sha256.elf'
' '
'Invoking: ARM v7 Print Size'
arm-none-eabi-size sha256.elf  |tee "sha256.elf.size"
   text	   data	    bss	    dec	    hex	filename
  76626	   1780	  23360	 101766	  18d86	sha256.elf
'Finished building: sha256.elf.size'
' '

15:37:30 Build Finished (took 1s.68ms)

