

================================================================
== Vitis HLS Report for 'sha256_top_Pipeline_VITIS_LOOP_52_4'
================================================================
* Date:           Mon Jun  9 13:32:03 2025

* Version:        2024.2 (Build 5238294 on Nov  8 2024)
* Project:        sha256_top
* Solution:       hls (Vivado IP Flow Target)
* Product family: zynquplus
* Target device:  xczu7ev-ffvc1156-2-e


================================================================
== Performance Estimates
================================================================
+ Timing: 
    * Summary: 
    +--------+----------+----------+------------+
    |  Clock |  Target  | Estimated| Uncertainty|
    +--------+----------+----------+------------+
    |ap_clk  |  10.00 ns|  1.635 ns|     2.70 ns|
    +--------+----------+----------+------------+

+ Latency: 
    * Summary: 
    +---------+---------+----------+----------+-----+-----+------------------------------------------------+
    |  Latency (cycles) |  Latency (absolute) |  Interval |                    Pipeline                    |
    |   min   |   max   |    min   |    max   | min | max |                      Type                      |
    +---------+---------+----------+----------+-----+-----+------------------------------------------------+
    |       66|       66|  0.660 us|  0.660 us|   65|   65|  loop auto-rewind stp (delay=0 clock cycles(s))|
    +---------+---------+----------+----------+-----+-----+------------------------------------------------+

    + Detail: 
        * Instance: 
        N/A

        * Loop: 
        +-------------------+---------+---------+----------+-----------+-----------+------+----------+
        |                   |  Latency (cycles) | Iteration|  Initiation Interval  | Trip |          |
        |     Loop Name     |   min   |   max   |  Latency |  achieved |   target  | Count| Pipelined|
        +-------------------+---------+---------+----------+-----------+-----------+------+----------+
        |- VITIS_LOOP_52_4  |       64|       64|         1|          1|          1|    64|       yes|
        +-------------------+---------+---------+----------+-----------+-----------+------+----------+



================================================================
== Utilization Estimates
================================================================
* Summary: 
+-----------------+---------+------+--------+--------+-----+
|       Name      | BRAM_18K|  DSP |   FF   |   LUT  | URAM|
+-----------------+---------+------+--------+--------+-----+
|DSP              |        -|     -|       -|       -|    -|
|Expression       |        -|     -|       0|      29|    -|
|FIFO             |        -|     -|       -|       -|    -|
|Instance         |        -|     -|       -|       -|    -|
|Memory           |        -|     -|       -|       -|    -|
|Multiplexer      |        -|     -|       0|     923|    -|
|Register         |        -|     -|       9|       -|    -|
+-----------------+---------+------+--------+--------+-----+
|Total            |        0|     0|       9|     952|    0|
+-----------------+---------+------+--------+--------+-----+
|Available        |      624|  1728|  460800|  230400|   96|
+-----------------+---------+------+--------+--------+-----+
|Utilization (%)  |        0|     0|      ~0|      ~0|    0|
+-----------------+---------+------+--------+--------+-----+

+ Detail: 
    * Instance: 
    N/A

    * DSP: 
    N/A

    * Memory: 
    N/A

    * FIFO: 
    N/A

    * Expression: 
    +----------------------+----------+----+---+----+------------+------------+
    |     Variable Name    | Operation| DSP| FF| LUT| Bitwidth P0| Bitwidth P1|
    +----------------------+----------+----+---+----+------------+------------+
    |add_ln52_fu_1196_p2   |         +|   0|  0|  14|           7|           1|
    |icmp_ln52_fu_1190_p2  |      icmp|   0|  0|  15|           7|           8|
    +----------------------+----------+----+---+----+------------+------------+
    |Total                 |          |   0|  0|  29|          14|           9|
    +----------------------+----------+----+---+----+------------+------------+

    * Multiplexer: 
    +--------------------+----+-----------+-----+-----------+
    |        Name        | LUT| Input Size| Bits| Total Bits|
    +--------------------+----+-----------+-----+-----------+
    |ap_done_int         |   9|          2|    1|          2|
    |ap_sig_allocacmp_i  |   9|          2|    7|         14|
    |i_2_fu_410          |   9|          2|    7|         14|
    |in_data_128_out     |  14|          3|    8|         24|
    |in_data_129_out     |  14|          3|    8|         24|
    |in_data_130_out     |  14|          3|    8|         24|
    |in_data_131_out     |  14|          3|    8|         24|
    |in_data_132_out     |  14|          3|    8|         24|
    |in_data_133_out     |  14|          3|    8|         24|
    |in_data_134_out     |  14|          3|    8|         24|
    |in_data_135_out     |  14|          3|    8|         24|
    |in_data_136_out     |  14|          3|    8|         24|
    |in_data_137_out     |  14|          3|    8|         24|
    |in_data_138_out     |  14|          3|    8|         24|
    |in_data_139_out     |  14|          3|    8|         24|
    |in_data_140_out     |  14|          3|    8|         24|
    |in_data_141_out     |  14|          3|    8|         24|
    |in_data_142_out     |  14|          3|    8|         24|
    |in_data_143_out     |  14|          3|    8|         24|
    |in_data_144_out     |  14|          3|    8|         24|
    |in_data_145_out     |  14|          3|    8|         24|
    |in_data_146_out     |  14|          3|    8|         24|
    |in_data_147_out     |  14|          3|    8|         24|
    |in_data_148_out     |  14|          3|    8|         24|
    |in_data_149_out     |  14|          3|    8|         24|
    |in_data_150_out     |  14|          3|    8|         24|
    |in_data_151_out     |  14|          3|    8|         24|
    |in_data_152_out     |  14|          3|    8|         24|
    |in_data_153_out     |  14|          3|    8|         24|
    |in_data_154_out     |  14|          3|    8|         24|
    |in_data_155_out     |  14|          3|    8|         24|
    |in_data_156_out     |  14|          3|    8|         24|
    |in_data_157_out     |  14|          3|    8|         24|
    |in_data_158_out     |  14|          3|    8|         24|
    |in_data_159_out     |  14|          3|    8|         24|
    |in_data_160_out     |  14|          3|    8|         24|
    |in_data_161_out     |  14|          3|    8|         24|
    |in_data_162_out     |  14|          3|    8|         24|
    |in_data_163_out     |  14|          3|    8|         24|
    |in_data_164_out     |  14|          3|    8|         24|
    |in_data_165_out     |  14|          3|    8|         24|
    |in_data_166_out     |  14|          3|    8|         24|
    |in_data_167_out     |  14|          3|    8|         24|
    |in_data_168_out     |  14|          3|    8|         24|
    |in_data_169_out     |  14|          3|    8|         24|
    |in_data_170_out     |  14|          3|    8|         24|
    |in_data_171_out     |  14|          3|    8|         24|
    |in_data_172_out     |  14|          3|    8|         24|
    |in_data_173_out     |  14|          3|    8|         24|
    |in_data_174_out     |  14|          3|    8|         24|
    |in_data_175_out     |  14|          3|    8|         24|
    |in_data_176_out     |  14|          3|    8|         24|
    |in_data_177_out     |  14|          3|    8|         24|
    |in_data_178_out     |  14|          3|    8|         24|
    |in_data_179_out     |  14|          3|    8|         24|
    |in_data_180_out     |  14|          3|    8|         24|
    |in_data_181_out     |  14|          3|    8|         24|
    |in_data_182_out     |  14|          3|    8|         24|
    |in_data_183_out     |  14|          3|    8|         24|
    |in_data_184_out     |  14|          3|    8|         24|
    |in_data_185_out     |  14|          3|    8|         24|
    |in_data_186_out     |  14|          3|    8|         24|
    |in_data_187_out     |  14|          3|    8|         24|
    |in_data_188_out     |  14|          3|    8|         24|
    |in_data_189_out     |  14|          3|    8|         24|
    |in_data_190_out     |  14|          3|    8|         24|
    |in_data_191_out     |  14|          3|    8|         24|
    +--------------------+----+-----------+-----+-----------+
    |Total               | 923|        198|  527|       1566|
    +--------------------+----+-----------+-----+-----------+

    * Register: 
    +-------------+---+----+-----+-----------+
    |     Name    | FF| LUT| Bits| Const Bits|
    +-------------+---+----+-----+-----------+
    |ap_CS_fsm    |  1|   0|    1|          0|
    |ap_done_reg  |  1|   0|    1|          0|
    |i_2_fu_410   |  7|   0|    7|          0|
    +-------------+---+----+-----+-----------+
    |Total        |  9|   0|    9|          0|
    +-------------+---+----+-----+-----------+



================================================================
== Interface
================================================================
* Summary: 
+------------------------+-----+-----+------------+-------------------------------------+--------------+
|        RTL Ports       | Dir | Bits|  Protocol  |            Source Object            |    C Type    |
+------------------------+-----+-----+------------+-------------------------------------+--------------+
|ap_clk                  |   in|    1|  ap_ctrl_hs|  sha256_top_Pipeline_VITIS_LOOP_52_4|  return value|
|ap_rst                  |   in|    1|  ap_ctrl_hs|  sha256_top_Pipeline_VITIS_LOOP_52_4|  return value|
|ap_start                |   in|    1|  ap_ctrl_hs|  sha256_top_Pipeline_VITIS_LOOP_52_4|  return value|
|ap_done                 |  out|    1|  ap_ctrl_hs|  sha256_top_Pipeline_VITIS_LOOP_52_4|  return value|
|ap_idle                 |  out|    1|  ap_ctrl_hs|  sha256_top_Pipeline_VITIS_LOOP_52_4|  return value|
|ap_ready                |  out|    1|  ap_ctrl_hs|  sha256_top_Pipeline_VITIS_LOOP_52_4|  return value|
|in_data_63_load         |   in|    8|     ap_none|                      in_data_63_load|        scalar|
|in_data_load            |   in|    8|     ap_none|                         in_data_load|        scalar|
|in_data_1_load          |   in|    8|     ap_none|                       in_data_1_load|        scalar|
|in_data_2_load          |   in|    8|     ap_none|                       in_data_2_load|        scalar|
|in_data_3_load          |   in|    8|     ap_none|                       in_data_3_load|        scalar|
|in_data_4_load          |   in|    8|     ap_none|                       in_data_4_load|        scalar|
|in_data_5_load          |   in|    8|     ap_none|                       in_data_5_load|        scalar|
|in_data_6_load          |   in|    8|     ap_none|                       in_data_6_load|        scalar|
|in_data_7_load          |   in|    8|     ap_none|                       in_data_7_load|        scalar|
|in_data_8_load          |   in|    8|     ap_none|                       in_data_8_load|        scalar|
|in_data_9_load          |   in|    8|     ap_none|                       in_data_9_load|        scalar|
|in_data_10_load         |   in|    8|     ap_none|                      in_data_10_load|        scalar|
|in_data_11_load         |   in|    8|     ap_none|                      in_data_11_load|        scalar|
|in_data_12_load         |   in|    8|     ap_none|                      in_data_12_load|        scalar|
|in_data_13_load         |   in|    8|     ap_none|                      in_data_13_load|        scalar|
|in_data_14_load         |   in|    8|     ap_none|                      in_data_14_load|        scalar|
|in_data_15_load         |   in|    8|     ap_none|                      in_data_15_load|        scalar|
|in_data_16_load         |   in|    8|     ap_none|                      in_data_16_load|        scalar|
|in_data_17_load         |   in|    8|     ap_none|                      in_data_17_load|        scalar|
|in_data_18_load         |   in|    8|     ap_none|                      in_data_18_load|        scalar|
|in_data_19_load         |   in|    8|     ap_none|                      in_data_19_load|        scalar|
|in_data_20_load         |   in|    8|     ap_none|                      in_data_20_load|        scalar|
|in_data_21_load         |   in|    8|     ap_none|                      in_data_21_load|        scalar|
|in_data_22_load         |   in|    8|     ap_none|                      in_data_22_load|        scalar|
|in_data_23_load         |   in|    8|     ap_none|                      in_data_23_load|        scalar|
|in_data_24_load         |   in|    8|     ap_none|                      in_data_24_load|        scalar|
|in_data_25_load         |   in|    8|     ap_none|                      in_data_25_load|        scalar|
|in_data_26_load         |   in|    8|     ap_none|                      in_data_26_load|        scalar|
|in_data_27_load         |   in|    8|     ap_none|                      in_data_27_load|        scalar|
|in_data_28_load         |   in|    8|     ap_none|                      in_data_28_load|        scalar|
|in_data_29_load         |   in|    8|     ap_none|                      in_data_29_load|        scalar|
|in_data_30_load         |   in|    8|     ap_none|                      in_data_30_load|        scalar|
|in_data_31_load         |   in|    8|     ap_none|                      in_data_31_load|        scalar|
|in_data_32_load         |   in|    8|     ap_none|                      in_data_32_load|        scalar|
|in_data_33_load         |   in|    8|     ap_none|                      in_data_33_load|        scalar|
|in_data_34_load         |   in|    8|     ap_none|                      in_data_34_load|        scalar|
|in_data_35_load         |   in|    8|     ap_none|                      in_data_35_load|        scalar|
|in_data_36_load         |   in|    8|     ap_none|                      in_data_36_load|        scalar|
|in_data_37_load         |   in|    8|     ap_none|                      in_data_37_load|        scalar|
|in_data_38_load         |   in|    8|     ap_none|                      in_data_38_load|        scalar|
|in_data_39_load         |   in|    8|     ap_none|                      in_data_39_load|        scalar|
|in_data_40_load         |   in|    8|     ap_none|                      in_data_40_load|        scalar|
|in_data_41_load         |   in|    8|     ap_none|                      in_data_41_load|        scalar|
|in_data_42_load         |   in|    8|     ap_none|                      in_data_42_load|        scalar|
|in_data_43_load         |   in|    8|     ap_none|                      in_data_43_load|        scalar|
|in_data_44_load         |   in|    8|     ap_none|                      in_data_44_load|        scalar|
|in_data_45_load         |   in|    8|     ap_none|                      in_data_45_load|        scalar|
|in_data_46_load         |   in|    8|     ap_none|                      in_data_46_load|        scalar|
|in_data_47_load         |   in|    8|     ap_none|                      in_data_47_load|        scalar|
|in_data_48_load         |   in|    8|     ap_none|                      in_data_48_load|        scalar|
|in_data_49_load         |   in|    8|     ap_none|                      in_data_49_load|        scalar|
|in_data_50_load         |   in|    8|     ap_none|                      in_data_50_load|        scalar|
|in_data_51_load         |   in|    8|     ap_none|                      in_data_51_load|        scalar|
|in_data_52_load         |   in|    8|     ap_none|                      in_data_52_load|        scalar|
|in_data_53_load         |   in|    8|     ap_none|                      in_data_53_load|        scalar|
|in_data_54_load         |   in|    8|     ap_none|                      in_data_54_load|        scalar|
|in_data_55_load         |   in|    8|     ap_none|                      in_data_55_load|        scalar|
|in_data_56_load         |   in|    8|     ap_none|                      in_data_56_load|        scalar|
|in_data_57_load         |   in|    8|     ap_none|                      in_data_57_load|        scalar|
|in_data_58_load         |   in|    8|     ap_none|                      in_data_58_load|        scalar|
|in_data_59_load         |   in|    8|     ap_none|                      in_data_59_load|        scalar|
|in_data_60_load         |   in|    8|     ap_none|                      in_data_60_load|        scalar|
|in_data_61_load         |   in|    8|     ap_none|                      in_data_61_load|        scalar|
|in_data_62_load         |   in|    8|     ap_none|                      in_data_62_load|        scalar|
|in_data_191_out         |  out|    8|      ap_vld|                      in_data_191_out|       pointer|
|in_data_191_out_ap_vld  |  out|    1|      ap_vld|                      in_data_191_out|       pointer|
|in_data_190_out         |  out|    8|      ap_vld|                      in_data_190_out|       pointer|
|in_data_190_out_ap_vld  |  out|    1|      ap_vld|                      in_data_190_out|       pointer|
|in_data_189_out         |  out|    8|      ap_vld|                      in_data_189_out|       pointer|
|in_data_189_out_ap_vld  |  out|    1|      ap_vld|                      in_data_189_out|       pointer|
|in_data_188_out         |  out|    8|      ap_vld|                      in_data_188_out|       pointer|
|in_data_188_out_ap_vld  |  out|    1|      ap_vld|                      in_data_188_out|       pointer|
|in_data_187_out         |  out|    8|      ap_vld|                      in_data_187_out|       pointer|
|in_data_187_out_ap_vld  |  out|    1|      ap_vld|                      in_data_187_out|       pointer|
|in_data_186_out         |  out|    8|      ap_vld|                      in_data_186_out|       pointer|
|in_data_186_out_ap_vld  |  out|    1|      ap_vld|                      in_data_186_out|       pointer|
|in_data_185_out         |  out|    8|      ap_vld|                      in_data_185_out|       pointer|
|in_data_185_out_ap_vld  |  out|    1|      ap_vld|                      in_data_185_out|       pointer|
|in_data_184_out         |  out|    8|      ap_vld|                      in_data_184_out|       pointer|
|in_data_184_out_ap_vld  |  out|    1|      ap_vld|                      in_data_184_out|       pointer|
|in_data_183_out         |  out|    8|      ap_vld|                      in_data_183_out|       pointer|
|in_data_183_out_ap_vld  |  out|    1|      ap_vld|                      in_data_183_out|       pointer|
|in_data_182_out         |  out|    8|      ap_vld|                      in_data_182_out|       pointer|
|in_data_182_out_ap_vld  |  out|    1|      ap_vld|                      in_data_182_out|       pointer|
|in_data_181_out         |  out|    8|      ap_vld|                      in_data_181_out|       pointer|
|in_data_181_out_ap_vld  |  out|    1|      ap_vld|                      in_data_181_out|       pointer|
|in_data_180_out         |  out|    8|      ap_vld|                      in_data_180_out|       pointer|
|in_data_180_out_ap_vld  |  out|    1|      ap_vld|                      in_data_180_out|       pointer|
|in_data_179_out         |  out|    8|      ap_vld|                      in_data_179_out|       pointer|
|in_data_179_out_ap_vld  |  out|    1|      ap_vld|                      in_data_179_out|       pointer|
|in_data_178_out         |  out|    8|      ap_vld|                      in_data_178_out|       pointer|
|in_data_178_out_ap_vld  |  out|    1|      ap_vld|                      in_data_178_out|       pointer|
|in_data_177_out         |  out|    8|      ap_vld|                      in_data_177_out|       pointer|
|in_data_177_out_ap_vld  |  out|    1|      ap_vld|                      in_data_177_out|       pointer|
|in_data_176_out         |  out|    8|      ap_vld|                      in_data_176_out|       pointer|
|in_data_176_out_ap_vld  |  out|    1|      ap_vld|                      in_data_176_out|       pointer|
|in_data_175_out         |  out|    8|      ap_vld|                      in_data_175_out|       pointer|
|in_data_175_out_ap_vld  |  out|    1|      ap_vld|                      in_data_175_out|       pointer|
|in_data_174_out         |  out|    8|      ap_vld|                      in_data_174_out|       pointer|
|in_data_174_out_ap_vld  |  out|    1|      ap_vld|                      in_data_174_out|       pointer|
|in_data_173_out         |  out|    8|      ap_vld|                      in_data_173_out|       pointer|
|in_data_173_out_ap_vld  |  out|    1|      ap_vld|                      in_data_173_out|       pointer|
|in_data_172_out         |  out|    8|      ap_vld|                      in_data_172_out|       pointer|
|in_data_172_out_ap_vld  |  out|    1|      ap_vld|                      in_data_172_out|       pointer|
|in_data_171_out         |  out|    8|      ap_vld|                      in_data_171_out|       pointer|
|in_data_171_out_ap_vld  |  out|    1|      ap_vld|                      in_data_171_out|       pointer|
|in_data_170_out         |  out|    8|      ap_vld|                      in_data_170_out|       pointer|
|in_data_170_out_ap_vld  |  out|    1|      ap_vld|                      in_data_170_out|       pointer|
|in_data_169_out         |  out|    8|      ap_vld|                      in_data_169_out|       pointer|
|in_data_169_out_ap_vld  |  out|    1|      ap_vld|                      in_data_169_out|       pointer|
|in_data_168_out         |  out|    8|      ap_vld|                      in_data_168_out|       pointer|
|in_data_168_out_ap_vld  |  out|    1|      ap_vld|                      in_data_168_out|       pointer|
|in_data_167_out         |  out|    8|      ap_vld|                      in_data_167_out|       pointer|
|in_data_167_out_ap_vld  |  out|    1|      ap_vld|                      in_data_167_out|       pointer|
|in_data_166_out         |  out|    8|      ap_vld|                      in_data_166_out|       pointer|
|in_data_166_out_ap_vld  |  out|    1|      ap_vld|                      in_data_166_out|       pointer|
|in_data_165_out         |  out|    8|      ap_vld|                      in_data_165_out|       pointer|
|in_data_165_out_ap_vld  |  out|    1|      ap_vld|                      in_data_165_out|       pointer|
|in_data_164_out         |  out|    8|      ap_vld|                      in_data_164_out|       pointer|
|in_data_164_out_ap_vld  |  out|    1|      ap_vld|                      in_data_164_out|       pointer|
|in_data_163_out         |  out|    8|      ap_vld|                      in_data_163_out|       pointer|
|in_data_163_out_ap_vld  |  out|    1|      ap_vld|                      in_data_163_out|       pointer|
|in_data_162_out         |  out|    8|      ap_vld|                      in_data_162_out|       pointer|
|in_data_162_out_ap_vld  |  out|    1|      ap_vld|                      in_data_162_out|       pointer|
|in_data_161_out         |  out|    8|      ap_vld|                      in_data_161_out|       pointer|
|in_data_161_out_ap_vld  |  out|    1|      ap_vld|                      in_data_161_out|       pointer|
|in_data_160_out         |  out|    8|      ap_vld|                      in_data_160_out|       pointer|
|in_data_160_out_ap_vld  |  out|    1|      ap_vld|                      in_data_160_out|       pointer|
|in_data_159_out         |  out|    8|      ap_vld|                      in_data_159_out|       pointer|
|in_data_159_out_ap_vld  |  out|    1|      ap_vld|                      in_data_159_out|       pointer|
|in_data_158_out         |  out|    8|      ap_vld|                      in_data_158_out|       pointer|
|in_data_158_out_ap_vld  |  out|    1|      ap_vld|                      in_data_158_out|       pointer|
|in_data_157_out         |  out|    8|      ap_vld|                      in_data_157_out|       pointer|
|in_data_157_out_ap_vld  |  out|    1|      ap_vld|                      in_data_157_out|       pointer|
|in_data_156_out         |  out|    8|      ap_vld|                      in_data_156_out|       pointer|
|in_data_156_out_ap_vld  |  out|    1|      ap_vld|                      in_data_156_out|       pointer|
|in_data_155_out         |  out|    8|      ap_vld|                      in_data_155_out|       pointer|
|in_data_155_out_ap_vld  |  out|    1|      ap_vld|                      in_data_155_out|       pointer|
|in_data_154_out         |  out|    8|      ap_vld|                      in_data_154_out|       pointer|
|in_data_154_out_ap_vld  |  out|    1|      ap_vld|                      in_data_154_out|       pointer|
|in_data_153_out         |  out|    8|      ap_vld|                      in_data_153_out|       pointer|
|in_data_153_out_ap_vld  |  out|    1|      ap_vld|                      in_data_153_out|       pointer|
|in_data_152_out         |  out|    8|      ap_vld|                      in_data_152_out|       pointer|
|in_data_152_out_ap_vld  |  out|    1|      ap_vld|                      in_data_152_out|       pointer|
|in_data_151_out         |  out|    8|      ap_vld|                      in_data_151_out|       pointer|
|in_data_151_out_ap_vld  |  out|    1|      ap_vld|                      in_data_151_out|       pointer|
|in_data_150_out         |  out|    8|      ap_vld|                      in_data_150_out|       pointer|
|in_data_150_out_ap_vld  |  out|    1|      ap_vld|                      in_data_150_out|       pointer|
|in_data_149_out         |  out|    8|      ap_vld|                      in_data_149_out|       pointer|
|in_data_149_out_ap_vld  |  out|    1|      ap_vld|                      in_data_149_out|       pointer|
|in_data_148_out         |  out|    8|      ap_vld|                      in_data_148_out|       pointer|
|in_data_148_out_ap_vld  |  out|    1|      ap_vld|                      in_data_148_out|       pointer|
|in_data_147_out         |  out|    8|      ap_vld|                      in_data_147_out|       pointer|
|in_data_147_out_ap_vld  |  out|    1|      ap_vld|                      in_data_147_out|       pointer|
|in_data_146_out         |  out|    8|      ap_vld|                      in_data_146_out|       pointer|
|in_data_146_out_ap_vld  |  out|    1|      ap_vld|                      in_data_146_out|       pointer|
|in_data_145_out         |  out|    8|      ap_vld|                      in_data_145_out|       pointer|
|in_data_145_out_ap_vld  |  out|    1|      ap_vld|                      in_data_145_out|       pointer|
|in_data_144_out         |  out|    8|      ap_vld|                      in_data_144_out|       pointer|
|in_data_144_out_ap_vld  |  out|    1|      ap_vld|                      in_data_144_out|       pointer|
|in_data_143_out         |  out|    8|      ap_vld|                      in_data_143_out|       pointer|
|in_data_143_out_ap_vld  |  out|    1|      ap_vld|                      in_data_143_out|       pointer|
|in_data_142_out         |  out|    8|      ap_vld|                      in_data_142_out|       pointer|
|in_data_142_out_ap_vld  |  out|    1|      ap_vld|                      in_data_142_out|       pointer|
|in_data_141_out         |  out|    8|      ap_vld|                      in_data_141_out|       pointer|
|in_data_141_out_ap_vld  |  out|    1|      ap_vld|                      in_data_141_out|       pointer|
|in_data_140_out         |  out|    8|      ap_vld|                      in_data_140_out|       pointer|
|in_data_140_out_ap_vld  |  out|    1|      ap_vld|                      in_data_140_out|       pointer|
|in_data_139_out         |  out|    8|      ap_vld|                      in_data_139_out|       pointer|
|in_data_139_out_ap_vld  |  out|    1|      ap_vld|                      in_data_139_out|       pointer|
|in_data_138_out         |  out|    8|      ap_vld|                      in_data_138_out|       pointer|
|in_data_138_out_ap_vld  |  out|    1|      ap_vld|                      in_data_138_out|       pointer|
|in_data_137_out         |  out|    8|      ap_vld|                      in_data_137_out|       pointer|
|in_data_137_out_ap_vld  |  out|    1|      ap_vld|                      in_data_137_out|       pointer|
|in_data_136_out         |  out|    8|      ap_vld|                      in_data_136_out|       pointer|
|in_data_136_out_ap_vld  |  out|    1|      ap_vld|                      in_data_136_out|       pointer|
|in_data_135_out         |  out|    8|      ap_vld|                      in_data_135_out|       pointer|
|in_data_135_out_ap_vld  |  out|    1|      ap_vld|                      in_data_135_out|       pointer|
|in_data_134_out         |  out|    8|      ap_vld|                      in_data_134_out|       pointer|
|in_data_134_out_ap_vld  |  out|    1|      ap_vld|                      in_data_134_out|       pointer|
|in_data_133_out         |  out|    8|      ap_vld|                      in_data_133_out|       pointer|
|in_data_133_out_ap_vld  |  out|    1|      ap_vld|                      in_data_133_out|       pointer|
|in_data_132_out         |  out|    8|      ap_vld|                      in_data_132_out|       pointer|
|in_data_132_out_ap_vld  |  out|    1|      ap_vld|                      in_data_132_out|       pointer|
|in_data_131_out         |  out|    8|      ap_vld|                      in_data_131_out|       pointer|
|in_data_131_out_ap_vld  |  out|    1|      ap_vld|                      in_data_131_out|       pointer|
|in_data_130_out         |  out|    8|      ap_vld|                      in_data_130_out|       pointer|
|in_data_130_out_ap_vld  |  out|    1|      ap_vld|                      in_data_130_out|       pointer|
|in_data_129_out         |  out|    8|      ap_vld|                      in_data_129_out|       pointer|
|in_data_129_out_ap_vld  |  out|    1|      ap_vld|                      in_data_129_out|       pointer|
|in_data_128_out         |  out|    8|      ap_vld|                      in_data_128_out|       pointer|
|in_data_128_out_ap_vld  |  out|    1|      ap_vld|                      in_data_128_out|       pointer|
+------------------------+-----+-----+------------+-------------------------------------+--------------+

