#-----------------------------------------------------------
# Vivado v2024.2 (64-bit)
# SW Build 5239630 on Fri Nov 08 22:35:27 MST 2024
# IP Build 5239520 on Sun Nov 10 16:12:51 MST 2024
# SharedData Build 5239561 on Fri Nov 08 14:39:27 MST 2024
# Start of session at: Mon Jun  9 15:15:29 2025
# Process ID         : 49064
# Current directory  : D:/Clouds/Dropbox/Vivado_Project/Final/Zedboard/Vivado/Vivado.runs/impl_1
# Command line       : vivado.exe -log design_1_wrapper.vdi -applog -product Vivado -messageDb vivado.pb -mode batch -source design_1_wrapper.tcl -notrace
# Log file           : D:/Clouds/Dropbox/Vivado_Project/Final/Zedboard/Vivado/Vivado.runs/impl_1/design_1_wrapper.vdi
# Journal file       : D:/Clouds/Dropbox/Vivado_Project/Final/Zedboard/Vivado/Vivado.runs/impl_1\vivado.jou
# Running On         : BERNA-R7X3D
# Platform           : Windows Server 2016 or Windows 10
# Operating System   : 19045
# Processor Detail   : AMD Ryzen 7 5800X3D 8-Core Processor           
# CPU Frequency      : 3400 MHz
# CPU Physical cores : 8
# CPU Logical cores  : 16
# Host memory        : 34270 MB
# Swap memory        : 33211 MB
# Total Virtual      : 67481 MB
# Available Virtual  : 14755 MB
#-----------------------------------------------------------
source design_1_wrapper.tcl -notrace
